2026-09-08 01:49:43,792 - root - DEBUG - Running Python executable. (Line: 28)
2026-09-08 01:49:43,796 - root - DEBUG - [WinError 2] Sistem belirtilen dosyayý bulamýyor (Line: 81)
2026-09-08 01:49:51,396 - root - DEBUG - Running Python executable. (Line: 28)
2026-09-08 01:49:51,400 - root - DEBUG - [WinError 2] Sistem belirtilen dosyayý bulamýyor (Line: 81)
2026-09-08 01:56:52,491 - root - DEBUG - Running Python executable. (Line: 35)
2026-09-08 01:56:52,491 - root - DEBUG - Python executable: C:\Users\enesa\.cline\data\workspaces\chat\silencecut-build\venv\Scripts\python.exe (Line: 36)
2026-09-08 01:56:52,491 - root - DEBUG - FFmpeg path: C:\Program Files\Adobe\Adobe Premiere Pro 2024\CEP\extensions\void-editor-silencecut\source\bin\ffmpeg.exe (exists=True) (Line: 37)
2026-09-08 01:56:52,491 - root - DEBUG - FFprobe path: C:\Program Files\Adobe\Adobe Premiere Pro 2024\CEP\extensions\void-editor-silencecut\source\bin\ffprobe.exe (exists=True) (Line: 38)
2026-09-08 01:56:53,745 - pydub.converter - DEBUG - subprocess.call(['C:\\Program Files\\Adobe\\Adobe Premiere Pro 2024\\CEP\\extensions\\void-editor-silencecut\\source\\bin\\ffmpeg.exe', '-y', '-f', 'mp4', '-i', 'C:\\Users\\enesa\\Videos\\2026-08-26 15-26-29.mp4', '-acodec', 'pcm_s16le', '-vn', '-f', 'wav', '-']) (Line: 9)
2026-09-08 01:56:58,941 - root - DEBUG - Running Python executable. (Line: 35)
2026-09-08 01:56:58,941 - root - DEBUG - Python executable: C:\Users\enesa\.cline\data\workspaces\chat\silencecut-build\venv\Scripts\python.exe (Line: 36)
2026-09-08 01:56:58,941 - root - DEBUG - FFmpeg path: C:\Program Files\Adobe\Adobe Premiere Pro 2024\CEP\extensions\void-editor-silencecut\source\bin\ffmpeg.exe (exists=True) (Line: 37)
2026-09-08 01:56:58,941 - root - DEBUG - FFprobe path: C:\Program Files\Adobe\Adobe Premiere Pro 2024\CEP\extensions\void-editor-silencecut\source\bin\ffprobe.exe (exists=True) (Line: 38)
2026-09-08 01:56:59,006 - pydub.converter - DEBUG - subprocess.call(['C:\\Program Files\\Adobe\\Adobe Premiere Pro 2024\\CEP\\extensions\\void-editor-silencecut\\source\\bin\\ffmpeg.exe', '-y', '-f', 'mp4', '-i', 'C:\\Users\\enesa\\Videos\\2026-08-26 15-26-29.mp4', '-acodec', 'pcm_s16le', '-vn', '-f', 'wav', '-']) (Line: 9)
2026-09-08 01:57:08,806 - root - DEBUG - Running Python executable. (Line: 35)
2026-09-08 01:57:08,806 - root - DEBUG - Python executable: C:\Users\enesa\.cline\data\workspaces\chat\silencecut-build\venv\Scripts\python.exe (Line: 36)
2026-09-08 01:57:08,807 - root - DEBUG - FFmpeg path: C:\Program Files\Adobe\Adobe Premiere Pro 2024\CEP\extensions\void-editor-silencecut\source\bin\ffmpeg.exe (exists=True) (Line: 37)
2026-09-08 01:57:08,807 - root - DEBUG - FFprobe path: C:\Program Files\Adobe\Adobe Premiere Pro 2024\CEP\extensions\void-editor-silencecut\source\bin\ffprobe.exe (exists=True) (Line: 38)
2026-09-08 01:57:08,869 - pydub.converter - DEBUG - subprocess.call(['C:\\Program Files\\Adobe\\Adobe Premiere Pro 2024\\CEP\\extensions\\void-editor-silencecut\\source\\bin\\ffmpeg.exe', '-y', '-f', 'mp4', '-i', 'C:\\Users\\enesa\\Videos\\2026-08-26 15-26-29.mp4', '-acodec', 'pcm_s16le', '-vn', '-f', 'wav', '-']) (Line: 9)
2026-09-08 01:57:17,283 - root - DEBUG - Running Python executable. (Line: 35)
2026-09-08 01:57:17,283 - root - DEBUG - Python executable: C:\Users\enesa\.cline\data\workspaces\chat\silencecut-build\venv\Scripts\python.exe (Line: 36)
2026-09-08 01:57:17,283 - root - DEBUG - FFmpeg path: C:\Program Files\Adobe\Adobe Premiere Pro 2024\CEP\extensions\void-editor-silencecut\source\bin\ffmpeg.exe (exists=True) (Line: 37)
2026-09-08 01:57:17,283 - root - DEBUG - FFprobe path: C:\Program Files\Adobe\Adobe Premiere Pro 2024\CEP\extensions\void-editor-silencecut\source\bin\ffprobe.exe (exists=True) (Line: 38)
2026-09-08 01:57:17,346 - pydub.converter - DEBUG - subprocess.call(['C:\\Program Files\\Adobe\\Adobe Premiere Pro 2024\\CEP\\extensions\\void-editor-silencecut\\source\\bin\\ffmpeg.exe', '-y', '-f', 'mp4', '-i', 'C:\\Users\\enesa\\Videos\\2026-08-26 15-26-29.mp4', '-acodec', 'pcm_s16le', '-vn', '-f', 'wav', '-']) (Line: 9)
2026-09-08 01:57:20,212 - root - DEBUG - Running Python executable. (Line: 35)
2026-09-08 01:57:20,212 - root - DEBUG - Python executable: C:\Users\enesa\.cline\data\workspaces\chat\silencecut-build\venv\Scripts\python.exe (Line: 36)
2026-09-08 01:57:20,212 - root - DEBUG - FFmpeg path: C:\Program Files\Adobe\Adobe Premiere Pro 2024\CEP\extensions\void-editor-silencecut\source\bin\ffmpeg.exe (exists=True) (Line: 37)
2026-09-08 01:57:20,212 - root - DEBUG - FFprobe path: C:\Program Files\Adobe\Adobe Premiere Pro 2024\CEP\extensions\void-editor-silencecut\source\bin\ffprobe.exe (exists=True) (Line: 38)
2026-09-08 01:57:20,277 - pydub.converter - DEBUG - subprocess.call(['C:\\Program Files\\Adobe\\Adobe Premiere Pro 2024\\CEP\\extensions\\void-editor-silencecut\\source\\bin\\ffmpeg.exe', '-y', '-f', 'mp4', '-i', 'C:\\Users\\enesa\\Videos\\2026-08-26 15-26-29.mp4', '-acodec', 'pcm_s16le', '-vn', '-f', 'wav', '-']) (Line: 9)
2026-09-08 01:58:16,590 - root - DEBUG - Running Python executable. (Line: 35)
2026-09-08 01:58:16,590 - root - DEBUG - Python executable: C:\Users\enesa\.cline\data\workspaces\chat\silencecut-build\venv\Scripts\python.exe (Line: 36)
2026-09-08 01:58:16,590 - root - DEBUG - FFmpeg path: C:\Program Files\Adobe\Adobe Premiere Pro 2024\CEP\extensions\void-editor-silencecut\source\bin\ffmpeg.exe (exists=True) (Line: 37)
2026-09-08 01:58:16,590 - root - DEBUG - FFprobe path: C:\Program Files\Adobe\Adobe Premiere Pro 2024\CEP\extensions\void-editor-silencecut\source\bin\ffprobe.exe (exists=True) (Line: 38)
2026-09-08 01:58:16,658 - pydub.converter - DEBUG - subprocess.call(['C:\\Program Files\\Adobe\\Adobe Premiere Pro 2024\\CEP\\extensions\\void-editor-silencecut\\source\\bin\\ffmpeg.exe', '-y', '-f', 'mp4', '-i', 'C:\\Users\\enesa\\Videos\\2026-08-26 15-26-29.mp4', '-acodec', 'pcm_s16le', '-vn', '-f', 'wav', '-']) (Line: 9)
2026-09-08 01:58:19,007 - root - DEBUG - Running Python executable. (Line: 35)
2026-09-08 01:58:19,007 - root - DEBUG - Python executable: C:\Users\enesa\.cline\data\workspaces\chat\silencecut-build\venv\Scripts\python.exe (Line: 36)
2026-09-08 01:58:19,007 - root - DEBUG - FFmpeg path: C:\Program Files\Adobe\Adobe Premiere Pro 2024\CEP\extensions\void-editor-silencecut\source\bin\ffmpeg.exe (exists=True) (Line: 37)
2026-09-08 01:58:19,007 - root - DEBUG - FFprobe path: C:\Program Files\Adobe\Adobe Premiere Pro 2024\CEP\extensions\void-editor-silencecut\source\bin\ffprobe.exe (exists=True) (Line: 38)
2026-09-08 01:58:19,072 - pydub.converter - DEBUG - subprocess.call(['C:\\Program Files\\Adobe\\Adobe Premiere Pro 2024\\CEP\\extensions\\void-editor-silencecut\\source\\bin\\ffmpeg.exe', '-y', '-f', 'mp4', '-i', 'C:\\Users\\enesa\\Videos\\2026-08-26 15-26-29.mp4', '-acodec', 'pcm_s16le', '-vn', '-f', 'wav', '-']) (Line: 9)
2026-09-08 01:59:22,198 - root - DEBUG - Running Python executable. (Line: 35)
2026-09-08 01:59:22,199 - root - DEBUG - Python executable: C:\Users\enesa\.cline\data\workspaces\chat\silencecut-build\venv\Scripts\python.exe (Line: 36)
2026-09-08 01:59:22,199 - root - DEBUG - FFmpeg path: C:\Program Files\Adobe\Adobe Premiere Pro 2024\CEP\extensions\void-editor-silencecut\source\bin\ffmpeg.exe (exists=True) (Line: 37)
2026-09-08 01:59:22,199 - root - DEBUG - FFprobe path: C:\Program Files\Adobe\Adobe Premiere Pro 2024\CEP\extensions\void-editor-silencecut\source\bin\ffprobe.exe (exists=True) (Line: 38)
2026-09-08 01:59:22,263 - pydub.converter - DEBUG - subprocess.call(['C:\\Program Files\\Adobe\\Adobe Premiere Pro 2024\\CEP\\extensions\\void-editor-silencecut\\source\\bin\\ffmpeg.exe', '-y', '-f', 'mp4', '-i', 'C:\\Users\\enesa\\Videos\\2026-08-26 15-26-29.mp4', '-acodec', 'pcm_s16le', '-vn', '-f', 'wav', '-']) (Line: 9)
2026-09-08 01:59:59,032 - root - DEBUG - Running Python executable. (Line: 35)
2026-09-08 01:59:59,032 - root - DEBUG - Python executable: C:\Users\enesa\.cline\data\workspaces\chat\silencecut-build\venv\Scripts\python.exe (Line: 36)
2026-09-08 01:59:59,032 - root - DEBUG - FFmpeg path: C:\Program Files\Adobe\Adobe Premiere Pro 2024\CEP\extensions\void-editor-silencecut\source\bin\ffmpeg.exe (exists=True) (Line: 37)
2026-09-08 01:59:59,033 - root - DEBUG - FFprobe path: C:\Program Files\Adobe\Adobe Premiere Pro 2024\CEP\extensions\void-editor-silencecut\source\bin\ffprobe.exe (exists=True) (Line: 38)
2026-09-08 01:59:59,100 - pydub.converter - DEBUG - subprocess.call(['C:\\Program Files\\Adobe\\Adobe Premiere Pro 2024\\CEP\\extensions\\void-editor-silencecut\\source\\bin\\ffmpeg.exe', '-y', '-f', 'mp4', '-i', 'C:\\Users\\enesa\\Videos\\2026-08-26 15-26-29.mp4', '-acodec', 'pcm_s16le', '-vn', '-f', 'wav', '-']) (Line: 9)
2026-09-08 02:04:52,959 - root - DEBUG - Running Python executable. (Line: 35)
2026-09-08 02:04:52,959 - root - DEBUG - Python executable: C:\Users\enesa\.cline\data\workspaces\chat\silencecut-build\venv\Scripts\python.exe (Line: 36)
2026-09-08 02:04:52,959 - root - DEBUG - FFmpeg path: C:\Program Files\Adobe\Adobe Premiere Pro 2024\CEP\extensions\void-editor-silencecut\source\bin\ffmpeg.exe (exists=True) (Line: 37)
2026-09-08 02:04:52,959 - root - DEBUG - FFprobe path: C:\Program Files\Adobe\Adobe Premiere Pro 2024\CEP\extensions\void-editor-silencecut\source\bin\ffprobe.exe (exists=True) (Line: 38)
2026-09-08 02:05:04,182 - root - DEBUG - Running Python executable. (Line: 35)
2026-09-08 02:05:04,182 - root - DEBUG - Python executable: C:\Users\enesa\.cline\data\workspaces\chat\silencecut-build\venv\Scripts\python.exe (Line: 36)
2026-09-08 02:05:04,182 - root - DEBUG - FFmpeg path: C:\Program Files\Adobe\Adobe Premiere Pro 2024\CEP\extensions\void-editor-silencecut\source\bin\ffmpeg.exe (exists=True) (Line: 37)
2026-09-08 02:05:04,182 - root - DEBUG - FFprobe path: C:\Program Files\Adobe\Adobe Premiere Pro 2024\CEP\extensions\void-editor-silencecut\source\bin\ffprobe.exe (exists=True) (Line: 38)
2026-09-08 02:05:04,245 - pydub.converter - DEBUG - subprocess.call(['C:\\Program Files\\Adobe\\Adobe Premiere Pro 2024\\CEP\\extensions\\void-editor-silencecut\\source\\bin\\ffmpeg.exe', '-y', '-f', 'mp4', '-i', 'C:\\Users\\enesa\\Videos\\2026-08-26 15-26-29.mp4', '-acodec', 'pcm_s16le', '-vn', '-f', 'wav', '-']) (Line: 9)
2026-09-08 02:09:35,351 - root - DEBUG - Running Python executable. (Line: 35)
2026-09-08 02:09:35,351 - root - DEBUG - Python executable: C:\Users\enesa\.cline\data\workspaces\chat\silencecut-build\venv\Scripts\python.exe (Line: 36)
2026-09-08 02:09:35,351 - root - DEBUG - FFmpeg path: C:\Program Files\Adobe\Adobe Premiere Pro 2024\CEP\extensions\void-editor-silencecut\source\bin\ffmpeg.exe (exists=True) (Line: 37)
2026-09-08 02:09:35,351 - root - DEBUG - FFprobe path: C:\Program Files\Adobe\Adobe Premiere Pro 2024\CEP\extensions\void-editor-silencecut\source\bin\ffprobe.exe (exists=True) (Line: 38)
2026-09-08 02:09:38,341 - root - DEBUG - Running Python executable. (Line: 35)
2026-09-08 02:09:38,341 - root - DEBUG - Python executable: C:\Users\enesa\.cline\data\workspaces\chat\silencecut-build\venv\Scripts\python.exe (Line: 36)
2026-09-08 02:09:38,341 - root - DEBUG - FFmpeg path: C:\Program Files\Adobe\Adobe Premiere Pro 2024\CEP\extensions\void-editor-silencecut\source\bin\ffmpeg.exe (exists=True) (Line: 37)
2026-09-08 02:09:38,341 - root - DEBUG - FFprobe path: C:\Program Files\Adobe\Adobe Premiere Pro 2024\CEP\extensions\void-editor-silencecut\source\bin\ffprobe.exe (exists=True) (Line: 38)
2026-09-08 02:09:39,795 - root - DEBUG - Running Python executable. (Line: 35)
2026-09-08 02:09:39,795 - root - DEBUG - Python executable: C:\Users\enesa\.cline\data\workspaces\chat\silencecut-build\venv\Scripts\python.exe (Line: 36)
2026-09-08 02:09:39,795 - root - DEBUG - FFmpeg path: C:\Program Files\Adobe\Adobe Premiere Pro 2024\CEP\extensions\void-editor-silencecut\source\bin\ffmpeg.exe (exists=True) (Line: 37)
2026-09-08 02:09:39,795 - root - DEBUG - FFprobe path: C:\Program Files\Adobe\Adobe Premiere Pro 2024\CEP\extensions\void-editor-silencecut\source\bin\ffprobe.exe (exists=True) (Line: 38)
2026-09-08 02:09:42,840 - root - DEBUG - Running Python executable. (Line: 35)
2026-09-08 02:09:42,840 - root - DEBUG - Python executable: C:\Users\enesa\.cline\data\workspaces\chat\silencecut-build\venv\Scripts\python.exe (Line: 36)
2026-09-08 02:09:42,840 - root - DEBUG - FFmpeg path: C:\Program Files\Adobe\Adobe Premiere Pro 2024\CEP\extensions\void-editor-silencecut\source\bin\ffmpeg.exe (exists=True) (Line: 37)
2026-09-08 02:09:42,840 - root - DEBUG - FFprobe path: C:\Program Files\Adobe\Adobe Premiere Pro 2024\CEP\extensions\void-editor-silencecut\source\bin\ffprobe.exe (exists=True) (Line: 38)
2026-09-08 02:10:14,695 - root - DEBUG - Running Python executable. (Line: 35)
2026-09-08 02:10:14,695 - root - DEBUG - Python executable: C:\Users\enesa\.cline\data\workspaces\chat\silencecut-build\venv\Scripts\python.exe (Line: 36)
2026-09-08 02:10:14,695 - root - DEBUG - FFmpeg path: C:\Program Files\Adobe\Adobe Premiere Pro 2024\CEP\extensions\void-editor-silencecut\source\bin\ffmpeg.exe (exists=True) (Line: 37)
2026-09-08 02:10:14,695 - root - DEBUG - FFprobe path: C:\Program Files\Adobe\Adobe Premiere Pro 2024\CEP\extensions\void-editor-silencecut\source\bin\ffprobe.exe (exists=True) (Line: 38)
2026-09-08 02:10:16,675 - root - DEBUG - Running Python executable. (Line: 35)
2026-09-08 02:10:16,675 - root - DEBUG - Python executable: C:\Users\enesa\.cline\data\workspaces\chat\silencecut-build\venv\Scripts\python.exe (Line: 36)
2026-09-08 02:10:16,675 - root - DEBUG - FFmpeg path: C:\Program Files\Adobe\Adobe Premiere Pro 2024\CEP\extensions\void-editor-silencecut\source\bin\ffmpeg.exe (exists=True) (Line: 37)
2026-09-08 02:10:16,675 - root - DEBUG - FFprobe path: C:\Program Files\Adobe\Adobe Premiere Pro 2024\CEP\extensions\void-editor-silencecut\source\bin\ffprobe.exe (exists=True) (Line: 38)
2026-09-08 02:10:21,304 - root - DEBUG - Running Python executable. (Line: 35)
2026-09-08 02:10:21,304 - root - DEBUG - Python executable: C:\Users\enesa\.cline\data\workspaces\chat\silencecut-build\venv\Scripts\python.exe (Line: 36)
2026-09-08 02:10:21,304 - root - DEBUG - FFmpeg path: C:\Program Files\Adobe\Adobe Premiere Pro 2024\CEP\extensions\void-editor-silencecut\source\bin\ffmpeg.exe (exists=True) (Line: 37)
2026-09-08 02:10:21,304 - root - DEBUG - FFprobe path: C:\Program Files\Adobe\Adobe Premiere Pro 2024\CEP\extensions\void-editor-silencecut\source\bin\ffprobe.exe (exists=True) (Line: 38)
2026-09-08 02:12:17,651 - root - DEBUG - Running Python executable. (Line: 35)
2026-09-08 02:12:17,651 - root - DEBUG - Python executable: C:\Users\enesa\.cline\data\workspaces\chat\silencecut-build\venv\Scripts\python.exe (Line: 36)
2026-09-08 02:12:17,651 - root - DEBUG - FFmpeg path: C:\Program Files\Adobe\Adobe Premiere Pro 2024\CEP\extensions\void-editor-silencecut\source\bin\ffmpeg.exe (exists=True) (Line: 37)
2026-09-08 02:12:17,651 - root - DEBUG - FFprobe path: C:\Program Files\Adobe\Adobe Premiere Pro 2024\CEP\extensions\void-editor-silencecut\source\bin\ffprobe.exe (exists=True) (Line: 38)
2026-09-09 16:17:29,842 - root - DEBUG - Running Python executable. (Line: 35)
2026-09-09 16:17:29,842 - root - DEBUG - Python executable: C:\Users\enesa\.cline\data\workspaces\chat\silencecut-build\venv\Scripts\python.exe (Line: 36)
2026-09-09 16:17:29,842 - root - DEBUG - FFmpeg path: C:\Program Files\Adobe\Adobe Premiere Pro 2024\CEP\extensions\void-editor-silencecut\source\bin\ffmpeg.exe (exists=True) (Line: 37)
2026-09-09 16:17:29,842 - root - DEBUG - FFprobe path: C:\Program Files\Adobe\Adobe Premiere Pro 2024\CEP\extensions\void-editor-silencecut\source\bin\ffprobe.exe (exists=True) (Line: 38)
2026-09-09 16:17:33,464 - pydub.converter - DEBUG - subprocess.call(['C:\\Program Files\\Adobe\\Adobe Premiere Pro 2024\\CEP\\extensions\\void-editor-silencecut\\source\\bin\\ffmpeg.exe', '-y', '-f', 'mov', '-i', 'D:\\IMG_E9669.MOV', '-acodec', 'pcm_s16le', '-vn', '-f', 'wav', '-']) (Line: 9)
2026-09-09 16:24:27,270 - root - DEBUG - Running Python executable. (Line: 35)
2026-09-09 16:24:27,270 - root - DEBUG - Python executable: C:\Users\enesa\.cline\data\workspaces\chat\silencecut-build\venv\Scripts\python.exe (Line: 36)
2026-09-09 16:24:27,270 - root - DEBUG - FFmpeg path: C:\Program Files\Adobe\Adobe Premiere Pro 2024\CEP\extensions\void-editor-silencecut\source\bin\ffmpeg.exe (exists=True) (Line: 37)
2026-09-09 16:24:27,270 - root - DEBUG - FFprobe path: C:\Program Files\Adobe\Adobe Premiere Pro 2024\CEP\extensions\void-editor-silencecut\source\bin\ffprobe.exe (exists=True) (Line: 38)
2026-09-09 16:24:27,334 - pydub.converter - DEBUG - subprocess.call(['C:\\Program Files\\Adobe\\Adobe Premiere Pro 2024\\CEP\\extensions\\void-editor-silencecut\\source\\bin\\ffmpeg.exe', '-y', '-f', 'mp4', '-i', 'D:\\Kayýt (13).m4a', '-acodec', 'pcm_s16le', '-vn', '-f', 'wav', '-']) (Line: 9)
2026-09-09 16:25:12,461 - root - DEBUG - Running Python executable. (Line: 35)
2026-09-09 16:25:12,461 - root - DEBUG - Python executable: C:\Users\enesa\.cline\data\workspaces\chat\silencecut-build\venv\Scripts\python.exe (Line: 36)
2026-09-09 16:25:12,461 - root - DEBUG - FFmpeg path: C:\Program Files\Adobe\Adobe Premiere Pro 2024\CEP\extensions\void-editor-silencecut\source\bin\ffmpeg.exe (exists=True) (Line: 37)
2026-09-09 16:25:12,462 - root - DEBUG - FFprobe path: C:\Program Files\Adobe\Adobe Premiere Pro 2024\CEP\extensions\void-editor-silencecut\source\bin\ffprobe.exe (exists=True) (Line: 38)
2026-09-09 16:25:12,532 - pydub.converter - DEBUG - subprocess.call(['C:\\Program Files\\Adobe\\Adobe Premiere Pro 2024\\CEP\\extensions\\void-editor-silencecut\\source\\bin\\ffmpeg.exe', '-y', '-f', 'mp4', '-i', 'D:\\Kayýt (13).m4a', '-acodec', 'pcm_s16le', '-vn', '-f', 'wav', '-']) (Line: 9)
2026-09-09 16:26:21,049 - root - DEBUG - Running Python executable. (Line: 35)
2026-09-09 16:26:21,049 - root - DEBUG - Python executable: C:\Users\enesa\.cline\data\workspaces\chat\silencecut-build\venv\Scripts\python.exe (Line: 36)
2026-09-09 16:26:21,049 - root - DEBUG - FFmpeg path: C:\Program Files\Adobe\Adobe Premiere Pro 2024\CEP\extensions\void-editor-silencecut\source\bin\ffmpeg.exe (exists=True) (Line: 37)
2026-09-09 16:26:21,049 - root - DEBUG - FFprobe path: C:\Program Files\Adobe\Adobe Premiere Pro 2024\CEP\extensions\void-editor-silencecut\source\bin\ffprobe.exe (exists=True) (Line: 38)
2026-09-09 16:26:21,131 - pydub.converter - DEBUG - subprocess.call(['C:\\Program Files\\Adobe\\Adobe Premiere Pro 2024\\CEP\\extensions\\void-editor-silencecut\\source\\bin\\ffmpeg.exe', '-y', '-f', 'mp4', '-i', 'D:\\Kayýt (13).m4a', '-acodec', 'pcm_s16le', '-vn', '-f', 'wav', '-']) (Line: 9)
2026-09-09 16:41:20,036 - root - DEBUG - Running Python executable. (Line: 35)
2026-09-09 16:41:20,036 - root - DEBUG - Python executable: C:\Users\enesa\.cline\data\workspaces\chat\silencecut-build\venv\Scripts\python.exe (Line: 36)
2026-09-09 16:41:20,036 - root - DEBUG - FFmpeg path: C:\Program Files\Adobe\Adobe Premiere Pro 2024\CEP\extensions\void-editor-silencecut\source\bin\ffmpeg.exe (exists=True) (Line: 37)
2026-09-09 16:41:20,036 - root - DEBUG - FFprobe path: C:\Program Files\Adobe\Adobe Premiere Pro 2024\CEP\extensions\void-editor-silencecut\source\bin\ffprobe.exe (exists=True) (Line: 38)
2026-09-09 16:42:14,905 - root - DEBUG - Running Python executable. (Line: 35)
2026-09-09 16:42:14,906 - root - DEBUG - Python executable: C:\Users\enesa\.cline\data\workspaces\chat\silencecut-build\venv\Scripts\python.exe (Line: 36)
2026-09-09 16:42:14,906 - root - DEBUG - FFmpeg path: C:\Program Files\Adobe\Adobe Premiere Pro 2024\CEP\extensions\void-editor-silencecut\source\bin\ffmpeg.exe (exists=True) (Line: 37)
2026-09-09 16:42:14,906 - root - DEBUG - FFprobe path: C:\Program Files\Adobe\Adobe Premiere Pro 2024\CEP\extensions\void-editor-silencecut\source\bin\ffprobe.exe (exists=True) (Line: 38)
2026-09-09 16:43:22,868 - root - DEBUG - Running Python executable. (Line: 35)
2026-09-09 16:43:22,868 - root - DEBUG - Python executable: C:\Users\enesa\.cline\data\workspaces\chat\silencecut-build\venv\Scripts\python.exe (Line: 36)
2026-09-09 16:43:22,868 - root - DEBUG - FFmpeg path: C:\Program Files\Adobe\Adobe Premiere Pro 2024\CEP\extensions\void-editor-silencecut\source\bin\ffmpeg.exe (exists=True) (Line: 37)
2026-09-09 16:43:22,868 - root - DEBUG - FFprobe path: C:\Program Files\Adobe\Adobe Premiere Pro 2024\CEP\extensions\void-editor-silencecut\source\bin\ffprobe.exe (exists=True) (Line: 38)
2026-09-09 17:06:16,209 - root - DEBUG - Running Python executable. (Line: 35)
2026-09-09 17:06:16,210 - root - DEBUG - Python executable: C:\Users\enesa\.cline\data\workspaces\chat\silencecut-build\venv\Scripts\python.exe (Line: 36)
2026-09-09 17:06:16,210 - root - DEBUG - FFmpeg path: C:\Program Files\Adobe\Adobe Premiere Pro 2024\CEP\extensions\void-editor-silencecut\source\bin\ffmpeg.exe (exists=True) (Line: 37)
2026-09-09 17:06:16,210 - root - DEBUG - FFprobe path: C:\Program Files\Adobe\Adobe Premiere Pro 2024\CEP\extensions\void-editor-silencecut\source\bin\ffprobe.exe (exists=True) (Line: 38)
2026-09-09 17:06:59,711 - root - DEBUG - Running Python executable. (Line: 35)
2026-09-09 17:06:59,712 - root - DEBUG - Python executable: C:\Users\enesa\.cline\data\workspaces\chat\silencecut-build\venv\Scripts\python.exe (Line: 36)
2026-09-09 17:06:59,712 - root - DEBUG - FFmpeg path: C:\Program Files\Adobe\Adobe Premiere Pro 2024\CEP\extensions\void-editor-silencecut\source\bin\ffmpeg.exe (exists=True) (Line: 37)
2026-09-09 17:06:59,712 - root - DEBUG - FFprobe path: C:\Program Files\Adobe\Adobe Premiere Pro 2024\CEP\extensions\void-editor-silencecut\source\bin\ffprobe.exe (exists=True) (Line: 38)
2026-09-10 14:38:02,700 - root - DEBUG - Running Python executable. (Line: 35)
2026-09-10 14:38:02,700 - root - DEBUG - Python executable: C:\Program Files\Adobe\Adobe Premiere Pro 2024\CEP\extensions\void-editor-silencecut\venv\Scripts\python.exe (Line: 36)
2026-09-10 14:38:02,700 - root - DEBUG - FFmpeg path: C:\Program Files\Adobe\Adobe Premiere Pro 2024\CEP\extensions\void-editor-silencecut\source\bin\ffmpeg.exe (exists=True) (Line: 37)
2026-09-10 14:38:02,700 - root - DEBUG - FFprobe path: C:\Program Files\Adobe\Adobe Premiere Pro 2024\CEP\extensions\void-editor-silencecut\source\bin\ffprobe.exe (exists=True) (Line: 38)
2026-09-10 14:44:59,240 - root - DEBUG - Running Python executable. (Line: 35)
2026-09-10 14:44:59,240 - root - DEBUG - Python executable: C:\Program Files\Adobe\Adobe Premiere Pro 2024\CEP\extensions\void-editor-silencecut\venv\Scripts\python.exe (Line: 36)
2026-09-10 14:44:59,240 - root - DEBUG - FFmpeg path: C:\Program Files\Adobe\Adobe Premiere Pro 2024\CEP\extensions\void-editor-silencecut\source\bin\ffmpeg.exe (exists=True) (Line: 37)
2026-09-10 14:44:59,240 - root - DEBUG - FFprobe path: C:\Program Files\Adobe\Adobe Premiere Pro 2024\CEP\extensions\void-editor-silencecut\source\bin\ffprobe.exe (exists=True) (Line: 38)
2026-09-10 14:45:48,327 - root - DEBUG - Running Python executable. (Line: 35)
2026-09-10 14:45:48,328 - root - DEBUG - Python executable: C:\Program Files\Adobe\Adobe Premiere Pro 2024\CEP\extensions\void-editor-silencecut\venv\Scripts\python.exe (Line: 36)
2026-09-10 14:45:48,328 - root - DEBUG - FFmpeg path: C:\Program Files\Adobe\Adobe Premiere Pro 2024\CEP\extensions\void-editor-silencecut\source\bin\ffmpeg.exe (exists=True) (Line: 37)
2026-09-10 14:45:48,328 - root - DEBUG - FFprobe path: C:\Program Files\Adobe\Adobe Premiere Pro 2024\CEP\extensions\void-editor-silencecut\source\bin\ffprobe.exe (exists=True) (Line: 38)
2026-09-10 14:46:17,529 - root - DEBUG - Running Python executable. (Line: 35)
2026-09-10 14:46:17,529 - root - DEBUG - Python executable: C:\Program Files\Adobe\Adobe Premiere Pro 2024\CEP\extensions\void-editor-silencecut\venv\Scripts\python.exe (Line: 36)
2026-09-10 14:46:17,529 - root - DEBUG - FFmpeg path: C:\Program Files\Adobe\Adobe Premiere Pro 2024\CEP\extensions\void-editor-silencecut\source\bin\ffmpeg.exe (exists=True) (Line: 37)
2026-09-10 14:46:17,529 - root - DEBUG - FFprobe path: C:\Program Files\Adobe\Adobe Premiere Pro 2024\CEP\extensions\void-editor-silencecut\source\bin\ffprobe.exe (exists=True) (Line: 38)
2026-09-10 14:46:19,092 - root - DEBUG - Running Python executable. (Line: 35)
2026-09-10 14:46:19,092 - root - DEBUG - Python executable: C:\Program Files\Adobe\Adobe Premiere Pro 2024\CEP\extensions\void-editor-silencecut\venv\Scripts\python.exe (Line: 36)
2026-09-10 14:46:19,092 - root - DEBUG - FFmpeg path: C:\Program Files\Adobe\Adobe Premiere Pro 2024\CEP\extensions\void-editor-silencecut\source\bin\ffmpeg.exe (exists=True) (Line: 37)
2026-09-10 14:46:19,092 - root - DEBUG - FFprobe path: C:\Program Files\Adobe\Adobe Premiere Pro 2024\CEP\extensions\void-editor-silencecut\source\bin\ffprobe.exe (exists=True) (Line: 38)
2026-09-10 14:46:19,909 - root - DEBUG - Running Python executable. (Line: 35)
2026-09-10 14:46:19,909 - root - DEBUG - Python executable: C:\Program Files\Adobe\Adobe Premiere Pro 2024\CEP\extensions\void-editor-silencecut\venv\Scripts\python.exe (Line: 36)
2026-09-10 14:46:19,909 - root - DEBUG - FFmpeg path: C:\Program Files\Adobe\Adobe Premiere Pro 2024\CEP\extensions\void-editor-silencecut\source\bin\ffmpeg.exe (exists=True) (Line: 37)
2026-09-10 14:46:19,909 - root - DEBUG - FFprobe path: C:\Program Files\Adobe\Adobe Premiere Pro 2024\CEP\extensions\void-editor-silencecut\source\bin\ffprobe.exe (exists=True) (Line: 38)
2026-09-10 14:46:24,199 - root - DEBUG - Running Python executable. (Line: 35)
2026-09-10 14:46:24,199 - root - DEBUG - Python executable: C:\Program Files\Adobe\Adobe Premiere Pro 2024\CEP\extensions\void-editor-silencecut\venv\Scripts\python.exe (Line: 36)
2026-09-10 14:46:24,199 - root - DEBUG - FFmpeg path: C:\Program Files\Adobe\Adobe Premiere Pro 2024\CEP\extensions\void-editor-silencecut\source\bin\ffmpeg.exe (exists=True) (Line: 37)
2026-09-10 14:46:24,199 - root - DEBUG - FFprobe path: C:\Program Files\Adobe\Adobe Premiere Pro 2024\CEP\extensions\void-editor-silencecut\source\bin\ffprobe.exe (exists=True) (Line: 38)
2026-09-10 14:46:28,225 - root - DEBUG - Running Python executable. (Line: 35)
2026-09-10 14:46:28,225 - root - DEBUG - Python executable: C:\Program Files\Adobe\Adobe Premiere Pro 2024\CEP\extensions\void-editor-silencecut\venv\Scripts\python.exe (Line: 36)
2026-09-10 14:46:28,226 - root - DEBUG - FFmpeg path: C:\Program Files\Adobe\Adobe Premiere Pro 2024\CEP\extensions\void-editor-silencecut\source\bin\ffmpeg.exe (exists=True) (Line: 37)
2026-09-10 14:46:28,226 - root - DEBUG - FFprobe path: C:\Program Files\Adobe\Adobe Premiere Pro 2024\CEP\extensions\void-editor-silencecut\source\bin\ffprobe.exe (exists=True) (Line: 38)
2026-09-10 14:46:32,504 - root - DEBUG - Running Python executable. (Line: 35)
2026-09-10 14:46:32,504 - root - DEBUG - Python executable: C:\Program Files\Adobe\Adobe Premiere Pro 2024\CEP\extensions\void-editor-silencecut\venv\Scripts\python.exe (Line: 36)
2026-09-10 14:46:32,504 - root - DEBUG - FFmpeg path: C:\Program Files\Adobe\Adobe Premiere Pro 2024\CEP\extensions\void-editor-silencecut\source\bin\ffmpeg.exe (exists=True) (Line: 37)
2026-09-10 14:46:32,504 - root - DEBUG - FFprobe path: C:\Program Files\Adobe\Adobe Premiere Pro 2024\CEP\extensions\void-editor-silencecut\source\bin\ffprobe.exe (exists=True) (Line: 38)
2026-09-10 14:48:13,378 - root - DEBUG - Running Python executable. (Line: 35)
2026-09-10 14:48:13,378 - root - DEBUG - Python executable: C:\Program Files\Adobe\Adobe Premiere Pro 2024\CEP\extensions\void-editor-silencecut\venv\Scripts\python.exe (Line: 36)
2026-09-10 14:48:13,378 - root - DEBUG - FFmpeg path: C:\Program Files\Adobe\Adobe Premiere Pro 2024\CEP\extensions\void-editor-silencecut\source\bin\ffmpeg.exe (exists=True) (Line: 37)
2026-09-10 14:48:13,378 - root - DEBUG - FFprobe path: C:\Program Files\Adobe\Adobe Premiere Pro 2024\CEP\extensions\void-editor-silencecut\source\bin\ffprobe.exe (exists=True) (Line: 38)
2026-09-10 14:48:38,620 - root - DEBUG - Running Python executable. (Line: 35)
2026-09-10 14:48:38,620 - root - DEBUG - Python executable: C:\Program Files\Adobe\Adobe Premiere Pro 2024\CEP\extensions\void-editor-silencecut\venv\Scripts\python.exe (Line: 36)
2026-09-10 14:48:38,620 - root - DEBUG - FFmpeg path: C:\Program Files\Adobe\Adobe Premiere Pro 2024\CEP\extensions\void-editor-silencecut\source\bin\ffmpeg.exe (exists=True) (Line: 37)
2026-09-10 14:48:38,620 - root - DEBUG - FFprobe path: C:\Program Files\Adobe\Adobe Premiere Pro 2024\CEP\extensions\void-editor-silencecut\source\bin\ffprobe.exe (exists=True) (Line: 38)
2026-09-10 14:48:43,553 - root - DEBUG - Running Python executable. (Line: 35)
2026-09-10 14:48:43,553 - root - DEBUG - Python executable: C:\Program Files\Adobe\Adobe Premiere Pro 2024\CEP\extensions\void-editor-silencecut\venv\Scripts\python.exe (Line: 36)
2026-09-10 14:48:43,553 - root - DEBUG - FFmpeg path: C:\Program Files\Adobe\Adobe Premiere Pro 2024\CEP\extensions\void-editor-silencecut\source\bin\ffmpeg.exe (exists=True) (Line: 37)
2026-09-10 14:48:43,553 - root - DEBUG - FFprobe path: C:\Program Files\Adobe\Adobe Premiere Pro 2024\CEP\extensions\void-editor-silencecut\source\bin\ffprobe.exe (exists=True) (Line: 38)
2026-09-10 14:48:46,925 - root - DEBUG - Running Python executable. (Line: 35)
2026-09-10 14:48:46,925 - root - DEBUG - Python executable: C:\Program Files\Adobe\Adobe Premiere Pro 2024\CEP\extensions\void-editor-silencecut\venv\Scripts\python.exe (Line: 36)
2026-09-10 14:48:46,925 - root - DEBUG - FFmpeg path: C:\Program Files\Adobe\Adobe Premiere Pro 2024\CEP\extensions\void-editor-silencecut\source\bin\ffmpeg.exe (exists=True) (Line: 37)
2026-09-10 14:48:46,925 - root - DEBUG - FFprobe path: C:\Program Files\Adobe\Adobe Premiere Pro 2024\CEP\extensions\void-editor-silencecut\source\bin\ffprobe.exe (exists=True) (Line: 38)
2026-09-10 14:48:50,590 - root - DEBUG - Running Python executable. (Line: 35)
2026-09-10 14:48:50,590 - root - DEBUG - Python executable: C:\Program Files\Adobe\Adobe Premiere Pro 2024\CEP\extensions\void-editor-silencecut\venv\Scripts\python.exe (Line: 36)
2026-09-10 14:48:50,590 - root - DEBUG - FFmpeg path: C:\Program Files\Adobe\Adobe Premiere Pro 2024\CEP\extensions\void-editor-silencecut\source\bin\ffmpeg.exe (exists=True) (Line: 37)
2026-09-10 14:48:50,590 - root - DEBUG - FFprobe path: C:\Program Files\Adobe\Adobe Premiere Pro 2024\CEP\extensions\void-editor-silencecut\source\bin\ffprobe.exe (exists=True) (Line: 38)
2026-09-10 14:48:50,719 - pydub.converter - DEBUG - subprocess.call(['C:\\Program Files\\Adobe\\Adobe Premiere Pro 2024\\CEP\\extensions\\void-editor-silencecut\\source\\bin\\ffmpeg.exe', '-y', '-f', 'mp4', '-i', 'C:\\Users\\enesa\\Videos\\2026-08-26 15-26-29.mp4', '-acodec', 'pcm_s16le', '-vn', '-f', 'wav', '-']) (Line: 9)
2026-09-10 14:48:52,613 - root - DEBUG - Running Python executable. (Line: 35)
2026-09-10 14:48:52,614 - root - DEBUG - Python executable: C:\Program Files\Adobe\Adobe Premiere Pro 2024\CEP\extensions\void-editor-silencecut\venv\Scripts\python.exe (Line: 36)
2026-09-10 14:48:52,614 - root - DEBUG - FFmpeg path: C:\Program Files\Adobe\Adobe Premiere Pro 2024\CEP\extensions\void-editor-silencecut\source\bin\ffmpeg.exe (exists=True) (Line: 37)
2026-09-10 14:48:52,614 - root - DEBUG - FFprobe path: C:\Program Files\Adobe\Adobe Premiere Pro 2024\CEP\extensions\void-editor-silencecut\source\bin\ffprobe.exe (exists=True) (Line: 38)
2026-09-10 14:49:00,148 - root - DEBUG - Running Python executable. (Line: 35)
2026-09-10 14:49:00,148 - root - DEBUG - Python executable: C:\Program Files\Adobe\Adobe Premiere Pro 2024\CEP\extensions\void-editor-silencecut\venv\Scripts\python.exe (Line: 36)
2026-09-10 14:49:00,148 - root - DEBUG - FFmpeg path: C:\Program Files\Adobe\Adobe Premiere Pro 2024\CEP\extensions\void-editor-silencecut\source\bin\ffmpeg.exe (exists=True) (Line: 37)
2026-09-10 14:49:00,148 - root - DEBUG - FFprobe path: C:\Program Files\Adobe\Adobe Premiere Pro 2024\CEP\extensions\void-editor-silencecut\source\bin\ffprobe.exe (exists=True) (Line: 38)
2026-09-10 14:49:01,727 - root - DEBUG - Running Python executable. (Line: 35)
2026-09-10 14:49:01,728 - root - DEBUG - Python executable: C:\Program Files\Adobe\Adobe Premiere Pro 2024\CEP\extensions\void-editor-silencecut\venv\Scripts\python.exe (Line: 36)
2026-09-10 14:49:01,728 - root - DEBUG - FFmpeg path: C:\Program Files\Adobe\Adobe Premiere Pro 2024\CEP\extensions\void-editor-silencecut\source\bin\ffmpeg.exe (exists=True) (Line: 37)
2026-09-10 14:49:01,728 - root - DEBUG - FFprobe path: C:\Program Files\Adobe\Adobe Premiere Pro 2024\CEP\extensions\void-editor-silencecut\source\bin\ffprobe.exe (exists=True) (Line: 38)
2026-09-10 14:54:59,109 - root - DEBUG - Running Python executable. (Line: 35)
2026-09-10 14:54:59,109 - root - DEBUG - Python executable: C:\Program Files\Adobe\Adobe Premiere Pro 2024\CEP\extensions\void-editor-silencecut\venv\Scripts\python.exe (Line: 36)
2026-09-10 14:54:59,109 - root - DEBUG - FFmpeg path: C:\Program Files\Adobe\Adobe Premiere Pro 2024\CEP\extensions\void-editor-silencecut\source\bin\ffmpeg.exe (exists=True) (Line: 37)
2026-09-10 14:54:59,109 - root - DEBUG - FFprobe path: C:\Program Files\Adobe\Adobe Premiere Pro 2024\CEP\extensions\void-editor-silencecut\source\bin\ffprobe.exe (exists=True) (Line: 38)
2026-09-10 15:12:17,322 - root - DEBUG - Running Python executable. (Line: 35)
2026-09-10 15:12:17,323 - root - DEBUG - Python executable: C:\Program Files\Adobe\Adobe Premiere Pro 2024\CEP\extensions\void-editor-silencecut\source\bin\python\python.exe (Line: 36)
2026-09-10 15:12:17,323 - root - DEBUG - FFmpeg path: C:\Program Files\Adobe\Adobe Premiere Pro 2024\CEP\extensions\void-editor-silencecut\source\bin\ffmpeg.exe (exists=True) (Line: 37)
2026-09-10 15:12:17,323 - root - DEBUG - FFprobe path: C:\Program Files\Adobe\Adobe Premiere Pro 2024\CEP\extensions\void-editor-silencecut\source\bin\ffprobe.exe (exists=True) (Line: 38)
2026-09-10 15:12:22,096 - root - DEBUG - Running Python executable. (Line: 35)
2026-09-10 15:12:22,097 - root - DEBUG - Python executable: C:\Program Files\Adobe\Adobe Premiere Pro 2024\CEP\extensions\void-editor-silencecut\source\bin\python\python.exe (Line: 36)
2026-09-10 15:12:22,097 - root - DEBUG - FFmpeg path: C:\Program Files\Adobe\Adobe Premiere Pro 2024\CEP\extensions\void-editor-silencecut\source\bin\ffmpeg.exe (exists=True) (Line: 37)
2026-09-10 15:12:22,097 - root - DEBUG - FFprobe path: C:\Program Files\Adobe\Adobe Premiere Pro 2024\CEP\extensions\void-editor-silencecut\source\bin\ffprobe.exe (exists=True) (Line: 38)
2026-09-10 15:12:23,533 - root - DEBUG - Running Python executable. (Line: 35)
2026-09-10 15:12:23,533 - root - DEBUG - Python executable: C:\Program Files\Adobe\Adobe Premiere Pro 2024\CEP\extensions\void-editor-silencecut\source\bin\python\python.exe (Line: 36)
2026-09-10 15:12:23,533 - root - DEBUG - FFmpeg path: C:\Program Files\Adobe\Adobe Premiere Pro 2024\CEP\extensions\void-editor-silencecut\source\bin\ffmpeg.exe (exists=True) (Line: 37)
2026-09-10 15:12:23,535 - root - DEBUG - FFprobe path: C:\Program Files\Adobe\Adobe Premiere Pro 2024\CEP\extensions\void-editor-silencecut\source\bin\ffprobe.exe (exists=True) (Line: 38)
2026-09-10 15:12:26,751 - root - DEBUG - Running Python executable. (Line: 35)
2026-09-10 15:12:26,751 - root - DEBUG - Python executable: C:\Program Files\Adobe\Adobe Premiere Pro 2024\CEP\extensions\void-editor-silencecut\source\bin\python\python.exe (Line: 36)
2026-09-10 15:12:26,751 - root - DEBUG - FFmpeg path: C:\Program Files\Adobe\Adobe Premiere Pro 2024\CEP\extensions\void-editor-silencecut\source\bin\ffmpeg.exe (exists=True) (Line: 37)
2026-09-10 15:12:26,751 - root - DEBUG - FFprobe path: C:\Program Files\Adobe\Adobe Premiere Pro 2024\CEP\extensions\void-editor-silencecut\source\bin\ffprobe.exe (exists=True) (Line: 38)
2026-09-10 15:12:26,816 - pydub.converter - DEBUG - subprocess.call(['C:\\Program Files\\Adobe\\Adobe Premiere Pro 2024\\CEP\\extensions\\void-editor-silencecut\\source\\bin\\ffmpeg.exe', '-y', '-f', 'mp4', '-i', 'C:\\Users\\enesa\\Videos\\2026-08-26 15-26-29.mp4', '-acodec', 'pcm_s16le', '-vn', '-f', 'wav', '-']) (Line: 9)
2026-09-10 15:12:27,516 - root - DEBUG - Running Python executable. (Line: 35)
2026-09-10 15:12:27,516 - root - DEBUG - Python executable: C:\Program Files\Adobe\Adobe Premiere Pro 2024\CEP\extensions\void-editor-silencecut\source\bin\python\python.exe (Line: 36)
2026-09-10 15:12:27,516 - root - DEBUG - FFmpeg path: C:\Program Files\Adobe\Adobe Premiere Pro 2024\CEP\extensions\void-editor-silencecut\source\bin\ffmpeg.exe (exists=True) (Line: 37)
2026-09-10 15:12:27,516 - root - DEBUG - FFprobe path: C:\Program Files\Adobe\Adobe Premiere Pro 2024\CEP\extensions\void-editor-silencecut\source\bin\ffprobe.exe (exists=True) (Line: 38)
2026-09-10 15:12:32,958 - root - DEBUG - Running Python executable. (Line: 35)
2026-09-10 15:12:32,958 - root - DEBUG - Python executable: C:\Program Files\Adobe\Adobe Premiere Pro 2024\CEP\extensions\void-editor-silencecut\source\bin\python\python.exe (Line: 36)
2026-09-10 15:12:32,960 - root - DEBUG - FFmpeg path: C:\Program Files\Adobe\Adobe Premiere Pro 2024\CEP\extensions\void-editor-silencecut\source\bin\ffmpeg.exe (exists=True) (Line: 37)
2026-09-10 15:12:32,960 - root - DEBUG - FFprobe path: C:\Program Files\Adobe\Adobe Premiere Pro 2024\CEP\extensions\void-editor-silencecut\source\bin\ffprobe.exe (exists=True) (Line: 38)
